// Jest Snapshot v1, https://goo.gl/fbAQLP

exports[`ResultTable snapshot 1`] = `
<Fragment>
  <Row
    className="justify-content-md-center"
    tag="div"
  >
    <Col
      md={8}
      tag="div"
      widths={
        Array [
          "xs",
          "sm",
          "md",
          "lg",
          "xl",
        ]
      }
    >
      <Row
        style={
          Object {
            "margin": "20px",
          }
        }
        tag="div"
      >
        <Form
          inline={true}
          tag="form"
        >
          <FormGroup
            tag="div"
          >
            <Input
              bsSize="sm"
              defaultValue={5}
              id="distF"
              name="distF"
              onChange={[Function]}
              style={
                Object {
                  "width": "130px",
                }
              }
              type="number"
            />
          </FormGroup>
          <FormGroup
            style={
              Object {
                "margin": "0 50px 0 0",
              }
            }
            tag="div"
          >
            <Input
              bsSize="sm"
              defaultValue={1}
              id="unitF"
              name="unitF"
              onChange={[Function]}
              type="select"
            >
              <option
                value={1}
              >
                miles
              </option>
              <option
                value={2}
              >
                feet
              </option>
              <option
                value={3}
              >
                kilometers
              </option>
              <option
                value={4}
              >
                meters
              </option>
            </Input>
          </FormGroup>
          <FormGroup
            style={
              Object {
                "margin": "0 50px 0 0",
              }
            }
            tag="div"
          >
            <InputGroup
              size="sm"
              tag="div"
            >
              <Input
                bsSize="sm"
                defaultValue={30}
                id="timeF"
                name="timeF"
                onChange={[Function]}
                type="number"
              />
              <InputGroupAddon
                addonType="append"
                tag="div"
              >
                <InputGroupText
                  tag="span"
                >
                  minutes
                </InputGroupText>
              </InputGroupAddon>
            </InputGroup>
          </FormGroup>
        </Form>
      </Row>
      <Row
        style={
          Object {
            "backgroundColor": "white",
            "border": "1px solid lightgrey",
            "borderRadius": "4px",
            "margin": "20px",
          }
        }
        tag="div"
      >
        <Col
          md={12}
          tag="div"
          widths={
            Array [
              "xs",
              "sm",
              "md",
              "lg",
              "xl",
            ]
          }
        >
          <Table
            hover={true}
            responsive={true}
            responsiveTag="div"
            tag="table"
          >
            <thead>
              <tr>
                <th>
                  Name
                </th>
                <th>
                  Arrive At Work
                </th>
                <th>
                  Leave Work
                </th>
                <th>
                  Ride Preference
                </th>
                <th>
                  Email
                </th>
              </tr>
            </thead>
            <tbody />
          </Table>
        </Col>
      </Row>
    </Col>
  </Row>
</Fragment>
`;
