// Jest Snapshot v1, https://goo.gl/fbAQLP

exports[`ResultTable snapshot 1`] = `
<Fragment>
  <Row
    className="justify-content-md-center"
    tag="div"
  >
    <Col
      md={8}
      tag="div"
      widths={
        Array [
          "xs",
          "sm",
          "md",
          "lg",
          "xl",
        ]
      }
    >
      <Row
        style={
          Object {
            "margin": "20px",
          }
        }
        tag="div"
      >
        <Form
          inline={true}
          tag="form"
        >
          <FormGroup
            style={
              Object {
                "margin": "0px 20px 5px 0",
              }
            }
            tag="div"
          >
            <InputGroup
              size="sm"
              tag="div"
            >
              <InputGroupAddon
                addonType="prepend"
                tag="div"
              >
                <InputGroupText
                  tag="span"
                >
                  arrival time buffer
                </InputGroupText>
              </InputGroupAddon>
              <Input
                bsSize="sm"
                defaultValue={30}
                id="timeF"
                name="timeF"
                onChange={[Function]}
                style={
                  Object {
                    "width": "103px",
                  }
                }
                type="number"
              />
              <InputGroupAddon
                addonType="append"
                tag="div"
              >
                <InputGroupText
                  tag="span"
                >
                  minutes
                </InputGroupText>
              </InputGroupAddon>
            </InputGroup>
          </FormGroup>
          <FormGroup
            style={
              Object {
                "margin": "0px 20px 5px 0",
              }
            }
            tag="div"
          >
            <InputGroup
              size="sm"
              tag="div"
            >
              <InputGroupAddon
                addonType="prepend"
                tag="div"
              >
                <InputGroupText
                  tag="span"
                >
                  departure time buffer
                </InputGroupText>
              </InputGroupAddon>
              <Input
                bsSize="sm"
                defaultValue={30}
                id="time2F"
                name="time2F"
                onChange={[Function]}
                style={
                  Object {
                    "width": "80px",
                  }
                }
                type="number"
              />
              <InputGroupAddon
                addonType="append"
                tag="div"
              >
                <InputGroupText
                  tag="span"
                >
                  minutes
                </InputGroupText>
              </InputGroupAddon>
            </InputGroup>
          </FormGroup>
          <FormGroup
            style={
              Object {
                "margin": "0px 20px 5px 0",
              }
            }
            tag="div"
          >
            <InputGroup
              size="sm"
              tag="div"
            >
              <InputGroupAddon
                addonType="prepend"
                tag="div"
              >
                <InputGroupText
                  tag="span"
                >
                  distance buffer
                </InputGroupText>
              </InputGroupAddon>
              <Input
                defaultValue={5}
                id="distF"
                name="distF"
                onChange={[Function]}
                style={
                  Object {
                    "width": "84px",
                  }
                }
                type="number"
              />
              <Input
                defaultValue={1}
                id="unitF"
                name="unitF"
                onChange={[Function]}
                style={
                  Object {
                    "width": "105px",
                  }
                }
                type="select"
              >
                <option
                  value={1}
                >
                  miles
                </option>
                <option
                  value={2}
                >
                  feet
                </option>
                <option
                  value={3}
                >
                  kilometers
                </option>
                <option
                  value={4}
                >
                  meters
                </option>
              </Input>
            </InputGroup>
          </FormGroup>
        </Form>
        <Button
          color="link"
          id="FilterFocus"
          size="sm"
          tag="button"
        >
          help
        </Button>
        <UncontrolledPopover
          placement="auto"
          target="FilterFocus"
          trigger="focus"
        >
          <PopoverBody
            tag="div"
          >
            Info about how filtering works on the Home page
          </PopoverBody>
        </UncontrolledPopover>
      </Row>
      <Row
        style={
          Object {
            "backgroundColor": "white",
            "border": "1px solid lightgrey",
            "borderRadius": "4px",
            "margin": "20px",
          }
        }
        tag="div"
      >
        <Col
          md={12}
          tag="div"
          widths={
            Array [
              "xs",
              "sm",
              "md",
              "lg",
              "xl",
            ]
          }
        >
          <Table
            hover={true}
            responsive={true}
            responsiveTag="div"
            tag="table"
          >
            <thead>
              <tr>
                <th>
                  Name
                </th>
                <th>
                  Arrive At Work
                </th>
                <th>
                  Leave Work
                </th>
                <th>
                  Ride Preference
                </th>
                <th>
                  Email
                  <Button
                    color="link"
                    id="PopoverFocus"
                    size="sm"
                    tag="button"
                  >
                    help
                  </Button>
                  <UncontrolledPopover
                    placement="auto"
                    target="PopoverFocus"
                    trigger="focus"
                  >
                    <PopoverBody
                      tag="div"
                    >
                      Clicking on a user's email address will open pre-written template.
                    </PopoverBody>
                  </UncontrolledPopover>
                </th>
              </tr>
            </thead>
            <tbody />
          </Table>
        </Col>
      </Row>
    </Col>
  </Row>
</Fragment>
`;
