// Jest Snapshot v1, https://goo.gl/fbAQLP

exports[`Settings snapshot 1`] = `
<Settings
  UserStore={
    UserStore {
      "address": "",
      "arrive": "09:00",
      "driver": 1,
      "leave": "17:00",
      "lineId": null,
      "loaded": false,
      "officeId": 1,
      "offsite": false,
      "pointId": null,
      "route": null,
      "successful": false,
      "userEmail": "john@esri.com",
      "userName": "John Doe",
      "userNew": true,
    }
  }
/>
`;
