// Jest Snapshot v1, https://goo.gl/fbAQLP

exports[`Settings snapshot 1`] = `
<Row
  className="justify-content-md-center"
  style={
    Object {
      "margin": "50px 20px 20px 20px",
    }
  }
  tag="div"
>
  <Col
    md={8}
    tag="div"
    widths={
      Array [
        "xs",
        "sm",
        "md",
        "lg",
        "xl",
      ]
    }
  >
    <Row
      tag="div"
    >
      <Col
        md={12}
        tag="div"
        widths={
          Array [
            "xs",
            "sm",
            "md",
            "lg",
            "xl",
          ]
        }
      >
        <p>
          <b>
            This information will be used to match you with a carpool buddy!
          </b>
        </p>
      </Col>
    </Row>
    <Row
      form={true}
      tag="div"
    >
      <Col
        md={6}
        tag="div"
        widths={
          Array [
            "xs",
            "sm",
            "md",
            "lg",
            "xl",
          ]
        }
      >
        <FormGroup
          tag="div"
        >
          <Label
            for="userName"
            tag="label"
            widths={
              Array [
                "xs",
                "sm",
                "md",
                "lg",
                "xl",
              ]
            }
          >
            Name
          </Label>
          <Input
            id="userName"
            name="name"
            readOnly={true}
            type="text"
          />
        </FormGroup>
      </Col>
      <Col
        md={6}
        tag="div"
        widths={
          Array [
            "xs",
            "sm",
            "md",
            "lg",
            "xl",
          ]
        }
      >
        <FormGroup
          tag="div"
        >
          <Label
            for="userEmail"
            tag="label"
            widths={
              Array [
                "xs",
                "sm",
                "md",
                "lg",
                "xl",
              ]
            }
          >
            Email
          </Label>
          <Input
            id="userEmail"
            name="email"
            readOnly={true}
            type="email"
          />
        </FormGroup>
      </Col>
    </Row>
    <Row
      form={true}
      tag="div"
    >
      <Col
        md={6}
        tag="div"
        widths={
          Array [
            "xs",
            "sm",
            "md",
            "lg",
            "xl",
          ]
        }
      >
        <FormGroup
          tag="div"
        >
          <Label
            for="arriveTime"
            tag="label"
            widths={
              Array [
                "xs",
                "sm",
                "md",
                "lg",
                "xl",
              ]
            }
          >
            Arrive at Work
          </Label>
          <Input
            defaultValue="09:00"
            id="arriveTime"
            name="time"
            onChange={[Function]}
            type="time"
          />
        </FormGroup>
      </Col>
      <Col
        md={6}
        tag="div"
        widths={
          Array [
            "xs",
            "sm",
            "md",
            "lg",
            "xl",
          ]
        }
      >
        <FormGroup
          tag="div"
        >
          <Label
            for="leaveTime"
            tag="label"
            widths={
              Array [
                "xs",
                "sm",
                "md",
                "lg",
                "xl",
              ]
            }
          >
            Leave Work
          </Label>
          <Input
            defaultValue="17:00"
            id="leaveTime"
            name="time"
            onChange={[Function]}
            type="time"
          />
        </FormGroup>
      </Col>
    </Row>
    <Row
      form={true}
      tag="div"
    >
      <Col
        md={6}
        tag="div"
        widths={
          Array [
            "xs",
            "sm",
            "md",
            "lg",
            "xl",
          ]
        }
      >
        <FormGroup
          tag="div"
        >
          <Label
            for="driver"
            tag="label"
            widths={
              Array [
                "xs",
                "sm",
                "md",
                "lg",
                "xl",
              ]
            }
          >
            Select
          </Label>
          <Input
            id="driverSelect"
            name="select"
            onChange={[Function]}
            type="select"
          >
            <option
              value={1}
            >
              Driver
            </option>
            <option
              value={2}
            >
              Passenger
            </option>
            <option
              value={3}
            >
              Either
            </option>
          </Input>
        </FormGroup>
      </Col>
      <Col
        md={6}
        tag="div"
        widths={
          Array [
            "xs",
            "sm",
            "md",
            "lg",
            "xl",
          ]
        }
      >
        <FormGroup
          tag="div"
        >
          <Label
            for="exampleSelect"
            tag="label"
            widths={
              Array [
                "xs",
                "sm",
                "md",
                "lg",
                "xl",
              ]
            }
          >
            Office Location
          </Label>
          <Input
            defaultValue={1}
            id="officeSelect"
            name="office"
            onChange={[Function]}
            type="select"
          >
            <option
              value={1}
            >
              Redlands Main Campus
            </option>
            <option
              value={2}
            >
              Redlands V Buildings
            </option>
            <option
              value={3}
            >
              Charlotte
            </option>
            <option
              value={4}
            >
              Washington D.C.
            </option>
            <option
              value={5}
            >
              New York City
            </option>
          </Input>
        </FormGroup>
      </Col>
    </Row>
    <Row
      tag="div"
    >
      <Col
        md={8}
        tag="div"
        widths={
          Array [
            "xs",
            "sm",
            "md",
            "lg",
            "xl",
          ]
        }
      >
        <FormGroup
          tag="div"
        >
          <Label
            for="startLocation"
            tag="label"
            widths={
              Array [
                "xs",
                "sm",
                "md",
                "lg",
                "xl",
              ]
            }
          >
            Pickup Location
          </Label>
          <Button
            color="link"
            id="PopoverFocus"
            size="sm"
            style={
              Object {
                "margin": "0 0 0 5px",
              }
            }
            tag="button"
          >
            help
          </Button>
          <UncontrolledPopover
            placement="auto"
            target="PopoverFocus"
            trigger="focus"
          >
            <PopoverBody
              tag="div"
            >
               Use the search bar below and select a dropdown option. If you have privacy concerns, you can use a cross street or store
            </PopoverBody>
          </UncontrolledPopover>
          <div
            className="form-control"
            id="startLoc"
            style={
              Object {
                "backgroundColor": "white",
                "border": "1px solid lightgrey",
                "borderRadius": "4px",
                "padding": "1px",
                "width": "75%",
              }
            }
          />
        </FormGroup>
      </Col>
      <Col
        md={4}
        tag="div"
        widths={
          Array [
            "xs",
            "sm",
            "md",
            "lg",
            "xl",
          ]
        }
      >
        <Button
          className="float-right"
          color="success"
          onClick={[Function]}
          style={
            Object {
              "bottom": "15px",
              "position": "absolute",
              "right": "20px",
            }
          }
          tag="button"
        >
          Save
        </Button>
      </Col>
    </Row>
    <Row
      tag="div"
    >
      <Col
        md={8}
        tag="div"
        widths={
          Array [
            "xs",
            "sm",
            "md",
            "lg",
            "xl",
          ]
        }
      >
        <FormGroup
          check={true}
          tag="div"
        >
          <Label
            check={true}
            tag="label"
            widths={
              Array [
                "xs",
                "sm",
                "md",
                "lg",
                "xl",
              ]
            }
          >
            <Input
              checked={false}
              onChange={[Function]}
              type="checkbox"
            />
             
            Found a Ride (Remove from List)
          </Label>
        </FormGroup>
      </Col>
    </Row>
  </Col>
</Row>
`;
